// Jest Snapshot v1, https://goo.gl/fbAQLP

exports[`<App /> (Snapshot Test) renders cleanly 1`] = `
<main>
  <h1>
    Hello World
  </h1>
</main>
`;
